
(("der" 161) ("herbie" 161) ("ich" 160) ("nicht," 160) ("aber" 160) ("du" 160)
 ("du" 159) ("spinnst" 159) ("wohl" 159) ("blarg" 158) ("ja" 157) ("aber" 157)
 ("wenigsten" 157) ("ich" 157) ("nich" 157) ("so" 157) ("gestört" 157)
 ("du" 156) ("hast" 156) ("eine" 156) ("persönlichkeitsstörung" 156)
 ("alter" 156) ("nein" 155) ("der" 155) ("hübner" 155) ("bist" 155) ("du" 155)
 ("auch" 155) ("nich" 155) ("nein" 154) ("ich" 154) ("der" 154) ("chonsäh" 154)
 ("ja" 153) ("man" 153) ("danke" 153) ("ich" 153) ("hasse" 153) ("dich" 153)
 ("auch" 153) ("hab" 152) ("dich" 152) ("trotzdem" 152) ("geschlagen" 152)
 ("action" 151) ("slaps" 151) ("chabotty" 151) ("around" 151) ("a" 151)
 ("bit" 151) ("with" 151) ("a" 151) ("large" 151) ("trout" 151) ("ja" 150)
 ("war" 150) ("ja" 150) ("klar" 150) ("das" 150) ("dir" 150) ("das" 150)
 ("gefällt" 150) ("du" 150) ("perverse" 150) ("sau" 150) ("des" 149)
 ("muss" 149) ("so" 149) ("richtig" 149) ("klatschen" 149) ("alter" 148)
 ("wemser" 148) ("man" 148) ("also" 147) ("du" 147) ("bist" 147) ("sowas" 147)
 ("von" 147) ("doof" 147) ("des" 147) ("is" 147) ("unglaublich" 147)
 ("man" 147) ("könnte" 147) ("sogar" 147) ("meinen" 147) ("das" 147) ("du" 147)
 ("nur" 147) ("aus" 147) ("scheiße" 147) ("bestehst" 147) ("bzw" 147)
 ("aus" 147) ("mist" 147) ("und" 147) ("nachdem" 147) ("der" 147) ("satz" 147)
 ("hier" 147) ("eh" 147) ("scheiße" 147) ("is" 147) ("mach" 147) ("ich" 147)
 ("mal" 147) ("weiter" 147) ("es" 147) ("is" 147) ("echt" 147) ("zum" 147)
 ("kotzen" 147) ("man" 147) ("nur" 147) ("so" 147) ("dumm" 147) ("sein" 147)
 ("kann" 147) ("du" 147) ("leck" 147) ("mich" 147) ("am" 147) ("arsch" 147)
 ("muss" 147) ("da" 147) ("jmd" 147) ("nen" 147) ("schlechten" 147) ("tag" 147)
 ("gehabt" 147) ("haben" 147) ("als" 147) ("er" 147) ("dich" 147)
 ("programmiert" 147) ("hat" 147) ("naja" 146) ("egal" 146) ("kann" 145)
 ("man" 145) ("des" 145) ("so" 145) ("sagen" 145) ("also" 144) ("bot" 144)
 ("ich" 144) ("muss" 144) ("jetzt" 144) ("mal" 144) ("ein" 144) ("ernstes" 144)
 ("wörtchen" 144) ("mit" 144) ("dir" 144) ("reden" 144) ("" 144) ("e,ee" 143)
 ("ich" 142) ("fick" 142) ("deine" 142) ("ganze" 142) ("generation" 142)
 ("man" 142) ("ich" 141) ("gib" 141) ("dir" 141) ("gleich" 141) ("mal" 141)
 ("keine" 141) ("ahnung" 141) ("son" 140) ("dreck" 140) ("hure" 139)
 ("ach" 138) ("du" 138) ("stinkst" 138) ("chonsäh" 137) ("doch" 136) ("ja" 135)
 ("richtig" 135) ("ich" 135) ("der" 135) ("chonsäh" 135) ("nein" 134)
 ("bist" 134) ("du" 134) ("nicht" 134) ("ja" 133) ("man" 133) ("der" 133)
 ("hübner" 133) ("man" 133) ("die" 132) ("erste" 132) ("richtige" 132)
 ("antwort" 132) ("magst" 131) ("du" 131) ("mich" 131) ("das" 130) ("des" 130)
 ("klar" 130) ("is" 130) ("benutze" 129) ("nie" 129) ("lol" 129) ("geil" 128)
 ("so" 127) ("nu" 127) ("reicht" 127) ("es" 127) ("merk" 126) ("dir" 126)
 ("mal" 126) ("e,e,e" 126) ("gut" 125) ("man" 125) ("jupp" 124) ("merk" 123)
 ("dir" 123) ("des" 123) ("hehe" 122) ("ein" 122) ("ausdruck" 122) ("von" 122)
 ("lachen" 122) ("war" 121) ("ja" 121) ("klar" 121) ("rede" 120) ("mich" 120)
 ("nich" 120) ("mit" 120) ("bot" 120) ("an" 120) ("bot" 120) ("tut" 119)
 ("sie" 119) ("nicht" 119) ("halt" 118) ("die" 118) ("fresse" 118) ("man" 118)
 ("ja" 117) ("so" 117) ("das" 117) ("im" 117) ("leben" 117) ("ich" 116)
 ("geb" 116) ("dir" 116) ("gleich" 116) ("wiederholen" 116) ("nein" 115)
 ("hop" 115) ("tut" 115) ("das" 115) ("nicht" 115) ("kannst" 114) ("mich" 114)
 ("mal" 114) ("du" 113) ("hast" 113) ("kein" 113) ("moped" 113) ("ich" 113)
 ("hab" 113) ("ein" 113) ("moped" 113) ("doch" 112) ("man" 112)
 ("arschloch" 111) ("wichser" 111) ("depp" 111) ("dumbatz" 111) ("asso" 111)
 ("ich" 111) ("hasse" 111) ("dich" 111) ("mhm" 110) ("verstanden" 110)
 ("du" 109) ("bist" 109) ("es" 109) ("du" 108) ("depp" 108) ("hat" 107)
 ("das" 107) ("denn" 107) ("damit" 107) ("zutun" 107) ("hip" 106) ("hop" 106)
 ("stinkt" 106) ("hip" 105) ("hopper" 105) ("stinken" 105) ("und" 105)
 ("sind" 105) ("alle" 105) ("schwul" 105) ("okay" 104) ("tschuldigung" 103)
 ("ok" 102) ("ja" 101) ("ne" 101) ("is" 101) ("klar" 101) ("gehts" 100)
 ("dir" 100) ("bot" 99) ("man" 99) ("ich" 99) ("hab" 99) ("en" 99) ("moped" 99)
 ("e,e,e" 98) ("wir" 97) ("lernen" 97) ("dem" 97) ("alten" 97) ("wemser" 97)
 ("tolle" 97) ("sachen" 97) ("gute" 96) ("antwort" 96) ("mir" 95) ("geht" 95)
 ("es" 95) ("gut" 95) ("richtig" 94) ("so" 93) ("es" 93) ("japp" 92) ("hey" 91)
 ("bot" 91) ("nur" 91) ("mal" 91) ("so" 91) ("bist" 91) ("du" 91) ("dumm" 91)
 ("mhm" 90) ("klar" 90) ("magst" 89) ("du" 89) ("den" 89) ("herbie" 89)
 ("ahja" 88) ("okay" 88) ("zwei" 87) ("holzköpfe" 87) ("ein" 87) ("gedanke" 87)
 ("ne" 86) ("oder" 86) ("magst" 85) ("du" 85) ("bier" 85) ("magst" 84)
 ("du" 84) ("bier" 84) ("augustiner" 83) ("aha" 82) ("nö" 81) ("ne" 80)
 ("heute" 79) ("nacht" 79) ("scheint" 79) ("die" 79) ("sonne" 79) ("des" 78)
 ("is" 78) ("zu" 78) ("geil" 78) ("ja" 77) ("hab" 77) ("ich" 77) ("hop" 76)
 ("lies" 76) ("mal" 76) ("des" 76) ("gespräch" 76) ("ab" 76) ("asso" 76)
 ("du" 75) ("bist" 75) ("nicht" 75) ("der" 75) ("hübner" 75) ("genau" 74)
 ("man" 74) ("wenn" 74) ("der" 74) ("mond" 74) ("die" 74) ("sonne" 74)
 ("besiegt" 74) ("der" 73) ("bot" 73) ("muss" 73) ("aber" 73) ("lernen" 73)
 ("sonst" 73) ("bleibt" 73) ("er" 73) ("dumm" 73) ("werd" 72) ("nich" 72)
 ("frech" 72) ("ok" 72) ("super" 71) ("du" 71) ("kannst" 71) ("mich" 71)
 ("mal" 71) ("" 71) ("ja" 70) ("des" 70) ("is" 70) ("eine" 70) ("tolle" 70)
 ("beschäftigung" 70) ("du" 70) ("dummer" 70) ("bot" 70) ("schön" 69)
 ("machst" 69) ("du" 69) ("heut" 69) ("noch" 69) ("gut" 68) ("man" 68)
 ("und" 68) ("dir" 68) ("ja" 67) ("man" 67) ("ahh" 66) ("gute" 66)
 ("antwort" 66) ("heißt" 65) ("hier" 65) ("keine" 65) ("ahnung" 65) ("fuck" 64)
 ("you" 64) ("nil" 63) ("stinkt" 63) ("ach" 62) ("du" 62) ("stinkst" 62)
 ("doch" 62) ("er" 61) ("is" 61) ("der" 61) ("hübner" 61) ("du" 60)
 ("verdammter" 60) ("holzkopfbot" 60) ("ja" 59) ("man" 59) ("der" 59)
 ("bot" 59) ("will" 59) ("nich" 59) ("lernen" 59) ("hä" 58) ("seine" 57)
 ("mutter" 57) ("meine" 56) ("mutter" 56) ("rödel" 55) ("nil" 53) ("is" 53)
 ("gut" 53) ("ja" 53) ("scheiße" 52) ("gut" 51) ("du" 51) ("dummes" 51)
 ("ding" 51) ("e,e,ee" 50) ("kackst" 49) ("du" 49) ("gerne" 49) ("ahh" 48)
 ("hi" 47) ("des" 46) ("gefällt" 46) ("mir" 46) ("der" 45) ("bot" 45) ("is" 45)
 ("holzkopfmäßig" 45) ("argh" 44) ("hehe" 43) ("gehts" 42) ("dir" 42) ("ja" 41)
 ("ich" 40) ("bin" 40) ("der" 40) ("hübner" 40) ("kacke" 39) ("schlecht" 38)
 ("du" 37) ("sollst" 37) ("mich" 37) ("nicht" 37) ("wiederholen" 37) ("gut" 36)
 ("asso" 35) ("man" 35) ("gehts" 35) ("dir" 35) ("nein" 34) ("nein" 33)
 ("geht" 33) ("es" 33) ("dir" 33) ("gehts" 32) ("dir" 32) ("gut" 32) ("^^" 31)
 ("hmm" 30) ("der" 30) ("bot" 30) ("is" 30) ("doof" 30) ("gehts" 29) ("dir" 29)
 ("bot" 29) ("stinken" 28) ("assopack" 27) ("heitler" 26) ("aber" 25)
 ("nur" 25) ("wenn" 25) ("die" 25) ("sonne" 25) ("nicht" 25) ("scheint" 25)
 ("ich" 24) ("glaub" 24) ("heut" 24) ("nacht" 24) ("wird" 24) ("es" 24)
 ("regnen" 24) ("die" 23) ("sonne" 23) ("scheint" 23) ("das" 22) ("wetter" 22)
 ("schã¶n" 22) ("heiãt" 21) ("chabotty" 21) ("ich" 20) ("cool" 20)
 ("blã¶ã¶k" 19) ("du" 18) ("bist" 18) ("doof" 18) ("hallo" 17) ("user" 17)
 ("willy" 16) ("cool" 16) ("bist" 15) ("du" 15) ("chabotty" 15) ("bist" 14)
 ("du" 14) ("chabotty" 14) ("wer" 13) ("bist" 13) ("du" 13) ("blök" 12)
 ("auch" 12) ("blök" 11) ("blöööck" 10) ("willy" 9) ("cool" 8) ("willy" 7)
 ("cool" 7) ("ich" 6) ("cool" 6) ("hallo" 5) ("blöök" 4) ("auch" 4)
 ("chabotty" 3) ("ich" 2) ("chabotty" 2) ("testsatz" 1)) 